                                                                 
 _______ _______ ______ ______ _______ _______ _______ 
|     __|    ___|   __ \   __ \    ___|    |  |_     _|
|__     |    ___|      <    __/    ___|       | |   |  
🐍______|_______|___|__|___|  |_______|__|____| |___🐍 

#################################################################
#T                         4                                 8  #
#E  1              3               5                7           #
#           2                               6                   #
#WWWWWWWWWWWWWWWWWWWWWWWWWWWWWWWWWWWWWWWWWWWWWWWWWWWWWWWWWWWW W##
                                                            W W
                                                            W W
                                                            W W
                                                            W W
                                                            W W
                                                            W9W
                                                            W W
                                                            W W
                                                            W W
                                                            W W
                                                            W W
                                                            WSW B
                                                            ###

